{
  "version": "1.5.0",
  "plugins_used": [
    {
      "name": "ArtifactoryDetector"
    },
    {
      "name": "AWSKeyDetector"
    },
    {
      "name": "AzureStorageKeyDetector"
    },
    {
      "name": "Base64HighEntropyString",
      "limit": 4.5
    },
    {
      "name": "BasicAuthDetector"
    },
    {
      "name": "CloudantDetector"
    },
    {
      "name": "DiscordBotTokenDetector"
    },
    {
      "name": "GitHubTokenDetector"
    },
    {
      "name": "GitLabTokenDetector"
    },
    {
      "name": "HexHighEntropyString",
      "limit": 3.0
    },
    {
      "name": "IbmCloudIamDetector"
    },
    {
      "name": "IbmCosHmacDetector"
    },
    {
      "name": "IPPublicDetector"
    },
    {
      "name": "JwtTokenDetector"
    },
    {
      "name": "KeywordDetector",
      "keyword_exclude": ""
    },
    {
      "name": "MailchimpDetector"
    },
    {
      "name": "NpmDetector"
    },
    {
      "name": "OpenAIDetector"
    },
    {
      "name": "PrivateKeyDetector"
    },
    {
      "name": "PypiTokenDetector"
    },
    {
      "name": "SendGridDetector"
    },
    {
      "name": "SlackDetector"
    },
    {
      "name": "SoftlayerDetector"
    },
    {
      "name": "SquareOAuthDetector"
    },
    {
      "name": "StripeDetector"
    },
    {
      "name": "TelegramBotTokenDetector"
    },
    {
      "name": "TwilioKeyDetector"
    }
  ],
  "filters_used": [
    {
      "path": "detect_secrets.filters.allowlist.is_line_allowlisted"
    },
    {
      "path": "detect_secrets.filters.common.is_baseline_file",
      "filename": ".secrets.baseline"
    },
    {
      "path": "detect_secrets.filters.common.is_ignored_due_to_verification_policies",
      "min_level": 2
    },
    {
      "path": "detect_secrets.filters.heuristic.is_indirect_reference"
    },
    {
      "path": "detect_secrets.filters.heuristic.is_likely_id_string"
    },
    {
      "path": "detect_secrets.filters.heuristic.is_lock_file"
    },
    {
      "path": "detect_secrets.filters.heuristic.is_not_alphanumeric_string"
    },
    {
      "path": "detect_secrets.filters.heuristic.is_potential_uuid"
    },
    {
      "path": "detect_secrets.filters.heuristic.is_prefixed_with_dollar_sign"
    },
    {
      "path": "detect_secrets.filters.heuristic.is_sequential_string"
    },
    {
      "path": "detect_secrets.filters.heuristic.is_swagger_file"
    },
    {
      "path": "detect_secrets.filters.heuristic.is_templated_secret"
    }
  ],
  "results": {
    "briefs/manifest.json": [
      {
        "type": "Hex High Entropy String",
        "filename": "briefs/manifest.json",
        "hashed_secret": "2801092d7d0d5dce655d3ef27eea920544e09e00",
        "is_verified": false,
        "line_number": 3
      },
      {
        "type": "Hex High Entropy String",
        "filename": "briefs/manifest.json",
        "hashed_secret": "a469a25d1a544a545015a8d67c7420a616b3f8da",
        "is_verified": false,
        "line_number": 4
      },
      {
        "type": "Hex High Entropy String",
        "filename": "briefs/manifest.json",
        "hashed_secret": "3f798e1a5b97d4ae1022acafd5333edf787f433f",
        "is_verified": false,
        "line_number": 9
      },
      {
        "type": "Hex High Entropy String",
        "filename": "briefs/manifest.json",
        "hashed_secret": "9d5d3363afb27f2f2739cd9b4956abb5137ff85b",
        "is_verified": false,
        "line_number": 10
      },
      {
        "type": "Hex High Entropy String",
        "filename": "briefs/manifest.json",
        "hashed_secret": "b3d5431091adc20f25ad3ad6a8b28b445698f496",
        "is_verified": false,
        "line_number": 15
      },
      {
        "type": "Hex High Entropy String",
        "filename": "briefs/manifest.json",
        "hashed_secret": "bea024d0359344e8cdbd9f450b2aca42a503fe30",
        "is_verified": false,
        "line_number": 16
      },
      {
        "type": "Hex High Entropy String",
        "filename": "briefs/manifest.json",
        "hashed_secret": "c803521746c19d1c2cd09d03145a70006a401caa",
        "is_verified": false,
        "line_number": 21
      },
      {
        "type": "Hex High Entropy String",
        "filename": "briefs/manifest.json",
        "hashed_secret": "5e82c0b75739b9d7f046633026dc616a2d66916a",
        "is_verified": false,
        "line_number": 22
      }
    ],
    "docs/canon/VENDORED.json": [
      {
        "type": "Hex High Entropy String",
        "filename": "docs/canon/VENDORED.json",
        "hashed_secret": "9ba251baf028dbbf210f2f3dffbe7dbf42b6bec5",
        "is_verified": false,
        "line_number": 4
      },
      {
        "type": "Hex High Entropy String",
        "filename": "docs/canon/VENDORED.json",
        "hashed_secret": "4f13a340db7937f767462c57c9bde9d86a970c69",
        "is_verified": false,
        "line_number": 15
      },
      {
        "type": "Hex High Entropy String",
        "filename": "docs/canon/VENDORED.json",
        "hashed_secret": "8a3a7d2e188d4e7ae6ceb9aecb6f1a367ef4e5d4",
        "is_verified": false,
        "line_number": 16
      },
      {
        "type": "Hex High Entropy String",
        "filename": "docs/canon/VENDORED.json",
        "hashed_secret": "2b06fc87c482738f0096319b02d5fd1247a7a4ae",
        "is_verified": false,
        "line_number": 17
      },
      {
        "type": "Hex High Entropy String",
        "filename": "docs/canon/VENDORED.json",
        "hashed_secret": "2e9d21a7f655f98adc968e381447d8e677187188",
        "is_verified": false,
        "line_number": 18
      },
      {
        "type": "Hex High Entropy String",
        "filename": "docs/canon/VENDORED.json",
        "hashed_secret": "20db89304a0ff8491d29307209c21ac8d5bf2327",
        "is_verified": false,
        "line_number": 19
      },
      {
        "type": "Hex High Entropy String",
        "filename": "docs/canon/VENDORED.json",
        "hashed_secret": "f8f4b9612708b264c57796efcd9dbcb6f7c7c541",
        "is_verified": false,
        "line_number": 20
      },
      {
        "type": "Hex High Entropy String",
        "filename": "docs/canon/VENDORED.json",
        "hashed_secret": "00dc16b70417e75228b0e7c185ecf094d34a804b",
        "is_verified": false,
        "line_number": 21
      },
      {
        "type": "Hex High Entropy String",
        "filename": "docs/canon/VENDORED.json",
        "hashed_secret": "e65fa11da73833f36b6b5d6053d6d2331dc78bdb",
        "is_verified": false,
        "line_number": 22
      }
    ]
  },
  "generated_at": "2026-10-01T09:42:42Z"
}
