{
  "version": "1.5.0",
  "plugins_used": [
    {
      "name": "ArtifactoryDetector"
    },
    {
      "name": "AWSKeyDetector"
    },
    {
      "name": "AzureStorageKeyDetector"
    },
    {
      "name": "Base64HighEntropyString",
      "limit": 4.5
    },
    {
      "name": "BasicAuthDetector"
    },
    {
      "name": "CloudantDetector"
    },
    {
      "name": "DiscordBotTokenDetector"
    },
    {
      "name": "GitHubTokenDetector"
    },
    {
      "name": "GitLabTokenDetector"
    },
    {
      "name": "HexHighEntropyString",
      "limit": 3.0
    },
    {
      "name": "IbmCloudIamDetector"
    },
    {
      "name": "IbmCosHmacDetector"
    },
    {
      "name": "IPPublicDetector"
    },
    {
      "name": "JwtTokenDetector"
    },
    {
      "name": "KeywordDetector",
      "keyword_exclude": ""
    },
    {
      "name": "MailchimpDetector"
    },
    {
      "name": "NpmDetector"
    },
    {
      "name": "OpenAIDetector"
    },
    {
      "name": "PrivateKeyDetector"
    },
    {
      "name": "PypiTokenDetector"
    },
    {
      "name": "SendGridDetector"
    },
    {
      "name": "SlackDetector"
    },
    {
      "name": "SoftlayerDetector"
    },
    {
      "name": "SquareOAuthDetector"
    },
    {
      "name": "StripeDetector"
    },
    {
      "name": "TelegramBotTokenDetector"
    },
    {
      "name": "TwilioKeyDetector"
    }
  ],
  "filters_used": [
    {
      "path": "detect_secrets.filters.allowlist.is_line_allowlisted"
    },
    {
      "path": "detect_secrets.filters.common.is_baseline_file",
      "filename": ".secrets.baseline"
    },
    {
      "path": "detect_secrets.filters.common.is_ignored_due_to_verification_policies",
      "min_level": 2
    },
    {
      "path": "detect_secrets.filters.heuristic.is_indirect_reference"
    },
    {
      "path": "detect_secrets.filters.heuristic.is_likely_id_string"
    },
    {
      "path": "detect_secrets.filters.heuristic.is_lock_file"
    },
    {
      "path": "detect_secrets.filters.heuristic.is_not_alphanumeric_string"
    },
    {
      "path": "detect_secrets.filters.heuristic.is_potential_uuid"
    },
    {
      "path": "detect_secrets.filters.heuristic.is_prefixed_with_dollar_sign"
    },
    {
      "path": "detect_secrets.filters.heuristic.is_sequential_string"
    },
    {
      "path": "detect_secrets.filters.heuristic.is_swagger_file"
    },
    {
      "path": "detect_secrets.filters.heuristic.is_templated_secret"
    }
  ],
  "results": {
    "briefs/manifest.json": [
      {
        "type": "Hex High Entropy String",
        "filename": "briefs/manifest.json",
        "hashed_secret": "bbc82a6b134b731a986a563794b1b76317c06534",
        "is_verified": false,
        "line_number": 3
      },
      {
        "type": "Hex High Entropy String",
        "filename": "briefs/manifest.json",
        "hashed_secret": "7c3eb6754f0d40b8c9cc6013cf7853cffbf0c800",
        "is_verified": false,
        "line_number": 4
      },
      {
        "type": "Hex High Entropy String",
        "filename": "briefs/manifest.json",
        "hashed_secret": "5ecb5c713e0ba3c794a8778c1f28d6eb5c537aad",
        "is_verified": false,
        "line_number": 9
      },
      {
        "type": "Hex High Entropy String",
        "filename": "briefs/manifest.json",
        "hashed_secret": "4aeae1b6af905b452799a810adec3b2fa8069a02",
        "is_verified": false,
        "line_number": 10
      },
      {
        "type": "Hex High Entropy String",
        "filename": "briefs/manifest.json",
        "hashed_secret": "6b3fb35c79b8e67527a56b15f0e36589df5feac9",
        "is_verified": false,
        "line_number": 15
      },
      {
        "type": "Hex High Entropy String",
        "filename": "briefs/manifest.json",
        "hashed_secret": "2c2318e1b66fb72a3acc13acdea46a9874257905",
        "is_verified": false,
        "line_number": 16
      },
      {
        "type": "Hex High Entropy String",
        "filename": "briefs/manifest.json",
        "hashed_secret": "214ec9260d8d2397432ef0dc54c197ba14c87fc9",
        "is_verified": false,
        "line_number": 21
      },
      {
        "type": "Hex High Entropy String",
        "filename": "briefs/manifest.json",
        "hashed_secret": "aeebb0fe7859f8a78d4578a01d724922a334bcb9",
        "is_verified": false,
        "line_number": 22
      }
    ],
    "docs/canon/VENDORED.json": [
      {
        "type": "Hex High Entropy String",
        "filename": "docs/canon/VENDORED.json",
        "hashed_secret": "169c5bb1b4848b052d85ba8d442216f650dd4633",
        "is_verified": false,
        "line_number": 4
      },
      {
        "type": "Hex High Entropy String",
        "filename": "docs/canon/VENDORED.json",
        "hashed_secret": "87cac84299c1cd2d0a39dcdf41cac3e80c92fa60",
        "is_verified": false,
        "line_number": 15
      },
      {
        "type": "Hex High Entropy String",
        "filename": "docs/canon/VENDORED.json",
        "hashed_secret": "cf5640dcbae9d506a38d0afef787feeebe2e8a27",
        "is_verified": false,
        "line_number": 16
      },
      {
        "type": "Hex High Entropy String",
        "filename": "docs/canon/VENDORED.json",
        "hashed_secret": "e81c398e9f0729286f055e69b4830169701d8210",
        "is_verified": false,
        "line_number": 17
      },
      {
        "type": "Hex High Entropy String",
        "filename": "docs/canon/VENDORED.json",
        "hashed_secret": "3113cc2207997ff3d4740676a0db954b08f63528",
        "is_verified": false,
        "line_number": 18
      },
      {
        "type": "Hex High Entropy String",
        "filename": "docs/canon/VENDORED.json",
        "hashed_secret": "20db89304a0ff8491d29307209c21ac8d5bf2327",
        "is_verified": false,
        "line_number": 19
      },
      {
        "type": "Hex High Entropy String",
        "filename": "docs/canon/VENDORED.json",
        "hashed_secret": "f8f4b9612708b264c57796efcd9dbcb6f7c7c541",
        "is_verified": false,
        "line_number": 20
      },
      {
        "type": "Hex High Entropy String",
        "filename": "docs/canon/VENDORED.json",
        "hashed_secret": "00dc16b70417e75228b0e7c185ecf094d34a804b",
        "is_verified": false,
        "line_number": 21
      },
      {
        "type": "Hex High Entropy String",
        "filename": "docs/canon/VENDORED.json",
        "hashed_secret": "e65fa11da73833f36b6b5d6053d6d2331dc78bdb",
        "is_verified": false,
        "line_number": 22
      }
    ]
  },
  "generated_at": "2026-10-07T11:21:08Z"
}
